// Jest Snapshot v1, https://goo.gl/fbAQLP

exports[`must convert empty list item ContentBlock to unstyled rather than split 1`] = `
Array [
  Object {
    "characterList": Array [
      Object {
        "entity": null,
        "style": Array [],
      },
      Object {
        "entity": null,
        "style": Array [],
      },
      Object {
        "entity": null,
        "style": Array [],
      },
      Object {
        "entity": null,
        "style": Array [],
      },
      Object {
        "entity": null,
        "style": Array [],
      },
    ],
    "children": Array [],
    "data": Object {},
    "depth": 0,
    "key": "A",
    "nextSibling": "B",
    "parent": null,
    "prevSibling": null,
    "text": "Alpha",
    "type": "unstyled",
  },
  Object {
    "characterList": Array [],
    "children": Array [
      "C",
      "F",
    ],
    "data": Object {},
    "depth": 0,
    "key": "B",
    "nextSibling": "G",
    "parent": null,
    "prevSibling": "A",
    "text": "",
    "type": "unstyled",
  },
  Object {
    "characterList": Array [],
    "children": Array [
      "D",
      "E",
    ],
    "data": Object {},
    "depth": 0,
    "key": "C",
    "nextSibling": "F",
    "parent": "B",
    "prevSibling": null,
    "text": "",
    "type": "unstyled",
  },
  Object {
    "characterList": Array [
      Object {
        "entity": null,
        "style": Array [],
      },
      Object {
        "entity": null,
        "style": Array [],
      },
      Object {
        "entity": null,
        "style": Array [],
      },
      Object {
        "entity": null,
        "style": Array [],
      },
      Object {
        "entity": null,
        "style": Array [],
      },
    ],
    "children": Array [],
    "data": Object {},
    "depth": 0,
    "key": "D",
    "nextSibling": "E",
    "parent": "C",
    "prevSibling": null,
    "text": "Delta",
    "type": "unstyled",
  },
  Object {
    "characterList": Array [
      Object {
        "entity": null,
        "style": Array [],
      },
      Object {
        "entity": null,
        "style": Array [],
      },
      Object {
        "entity": null,
        "style": Array [],
      },
      Object {
        "entity": null,
        "style": Array [],
      },
      Object {
        "entity": null,
        "style": Array [],
      },
      Object {
        "entity": null,
        "style": Array [],
      },
      Object {
        "entity": null,
        "style": Array [],
      },
      Object {
        "entity": null,
        "style": Array [],
      },
    ],
    "children": Array [],
    "data": Object {},
    "depth": 0,
    "key": "E",
    "nextSibling": null,
    "parent": "C",
    "prevSibling": "D",
    "text": "Elephant",
    "type": "unstyled",
  },
  Object {
    "characterList": Array [
      Object {
        "entity": null,
        "style": Array [],
      },
      Object {
        "entity": null,
        "style": Array [],
      },
      Object {
        "entity": null,
        "style": Array [],
      },
      Object {
        "entity": null,
        "style": Array [],
      },
    ],
    "children": Array [],
    "data": Object {},
    "depth": 0,
    "key": "F",
    "nextSibling": null,
    "parent": "B",
    "prevSibling": "C",
    "text": "Fire",
    "type": "unstyled",
  },
  Object {
    "characterList": Array [
      Object {
        "entity": null,
        "style": Array [],
      },
      Object {
        "entity": null,
        "style": Array [],
      },
      Object {
        "entity": null,
        "style": Array [],
      },
      Object {
        "entity": null,
        "style": Array [],
      },
      Object {
        "entity": null,
        "style": Array [],
      },
      Object {
        "entity": null,
        "style": Array [],
      },
    ],
    "children": Array [],
    "data": Object {},
    "depth": 0,
    "key": "G",
    "nextSibling": null,
    "parent": null,
    "prevSibling": "B",
    "text": "Gorila",
    "type": "unstyled",
  },
  Object {
    "characterList": Array [],
    "children": Array [],
    "data": Object {},
    "depth": 0,
    "key": "H",
    "nextSibling": null,
    "parent": null,
    "prevSibling": "G",
    "text": "",
    "type": "unstyled",
  },
]
`;

exports[`must split at the beginning of a block 1`] = `
Array [
  Object {
    "characterList": Array [],
    "data": Object {},
    "depth": 0,
    "key": "a",
    "text": "",
    "type": "unstyled",
  },
  Object {
    "characterList": Array [
      Object {
        "entity": null,
        "style": Array [],
      },
      Object {
        "entity": null,
        "style": Array [],
      },
      Object {
        "entity": null,
        "style": Array [],
      },
      Object {
        "entity": null,
        "style": Array [],
      },
      Object {
        "entity": null,
        "style": Array [],
      },
    ],
    "data": Object {},
    "depth": 0,
    "key": "key1",
    "text": "Alpha",
    "type": "unstyled",
  },
  Object {
    "characterList": Array [
      Object {
        "entity": "2",
        "style": Array [
          "BOLD",
        ],
      },
      Object {
        "entity": "2",
        "style": Array [
          "BOLD",
        ],
      },
      Object {
        "entity": "2",
        "style": Array [
          "BOLD",
        ],
      },
      Object {
        "entity": "2",
        "style": Array [
          "BOLD",
        ],
      },
      Object {
        "entity": "2",
        "style": Array [
          "BOLD",
        ],
      },
    ],
    "data": Object {},
    "depth": 0,
    "key": "b",
    "text": "Bravo",
    "type": "unordered-list-item",
  },
  Object {
    "characterList": Array [
      Object {
        "entity": null,
        "style": Array [],
      },
      Object {
        "entity": null,
        "style": Array [],
      },
      Object {
        "entity": null,
        "style": Array [],
      },
      Object {
        "entity": null,
        "style": Array [],
      },
    ],
    "data": Object {},
    "depth": 0,
    "key": "c",
    "text": "Test",
    "type": "code-block",
  },
  Object {
    "characterList": Array [],
    "data": Object {},
    "depth": 0,
    "key": "d",
    "text": "",
    "type": "code-block",
  },
  Object {
    "characterList": Array [],
    "data": Object {},
    "depth": 0,
    "key": "e",
    "text": "",
    "type": "code-block",
  },
  Object {
    "characterList": Array [
      Object {
        "entity": null,
        "style": Array [
          "ITALIC",
        ],
      },
      Object {
        "entity": null,
        "style": Array [
          "ITALIC",
        ],
      },
      Object {
        "entity": null,
        "style": Array [
          "ITALIC",
        ],
      },
      Object {
        "entity": null,
        "style": Array [
          "ITALIC",
        ],
      },
      Object {
        "entity": null,
        "style": Array [
          "ITALIC",
        ],
      },
      Object {
        "entity": null,
        "style": Array [
          "ITALIC",
        ],
      },
      Object {
        "entity": null,
        "style": Array [
          "ITALIC",
        ],
      },
    ],
    "data": Object {},
    "depth": 0,
    "key": "f",
    "text": "Charlie",
    "type": "blockquote",
  },
]
`;

exports[`must split at the beginning of a nested ContentBlock 1`] = `
Array [
  Object {
    "characterList": Array [
      Object {
        "entity": null,
        "style": Array [],
      },
      Object {
        "entity": null,
        "style": Array [],
      },
      Object {
        "entity": null,
        "style": Array [],
      },
      Object {
        "entity": null,
        "style": Array [],
      },
      Object {
        "entity": null,
        "style": Array [],
      },
    ],
    "children": Array [],
    "data": Object {},
    "depth": 0,
    "key": "A",
    "nextSibling": "B",
    "parent": null,
    "prevSibling": null,
    "text": "Alpha",
    "type": "unstyled",
  },
  Object {
    "characterList": Array [],
    "children": Array [
      "C",
      "F",
    ],
    "data": Object {},
    "depth": 0,
    "key": "B",
    "nextSibling": "G",
    "parent": null,
    "prevSibling": "A",
    "text": "",
    "type": "unstyled",
  },
  Object {
    "characterList": Array [],
    "children": Array [
      "D",
      "key7",
      "E",
    ],
    "data": Object {},
    "depth": 0,
    "key": "C",
    "nextSibling": "F",
    "parent": "B",
    "prevSibling": null,
    "text": "",
    "type": "unstyled",
  },
  Object {
    "characterList": Array [],
    "children": Array [],
    "data": Object {},
    "depth": 0,
    "key": "D",
    "nextSibling": "key7",
    "parent": "C",
    "prevSibling": null,
    "text": "",
    "type": "unstyled",
  },
  Object {
    "characterList": Array [
      Object {
        "entity": null,
        "style": Array [],
      },
      Object {
        "entity": null,
        "style": Array [],
      },
      Object {
        "entity": null,
        "style": Array [],
      },
      Object {
        "entity": null,
        "style": Array [],
      },
      Object {
        "entity": null,
        "style": Array [],
      },
    ],
    "children": Array [],
    "data": Object {},
    "depth": 0,
    "key": "key7",
    "nextSibling": "E",
    "parent": "C",
    "prevSibling": "D",
    "text": "Delta",
    "type": "unstyled",
  },
  Object {
    "characterList": Array [
      Object {
        "entity": null,
        "style": Array [],
      },
      Object {
        "entity": null,
        "style": Array [],
      },
      Object {
        "entity": null,
        "style": Array [],
      },
      Object {
        "entity": null,
        "style": Array [],
      },
      Object {
        "entity": null,
        "style": Array [],
      },
      Object {
        "entity": null,
        "style": Array [],
      },
      Object {
        "entity": null,
        "style": Array [],
      },
      Object {
        "entity": null,
        "style": Array [],
      },
    ],
    "children": Array [],
    "data": Object {},
    "depth": 0,
    "key": "E",
    "nextSibling": null,
    "parent": "C",
    "prevSibling": "key7",
    "text": "Elephant",
    "type": "unstyled",
  },
  Object {
    "characterList": Array [
      Object {
        "entity": null,
        "style": Array [],
      },
      Object {
        "entity": null,
        "style": Array [],
      },
      Object {
        "entity": null,
        "style": Array [],
      },
      Object {
        "entity": null,
        "style": Array [],
      },
    ],
    "children": Array [],
    "data": Object {},
    "depth": 0,
    "key": "F",
    "nextSibling": null,
    "parent": "B",
    "prevSibling": "C",
    "text": "Fire",
    "type": "unstyled",
  },
  Object {
    "characterList": Array [
      Object {
        "entity": null,
        "style": Array [],
      },
      Object {
        "entity": null,
        "style": Array [],
      },
      Object {
        "entity": null,
        "style": Array [],
      },
      Object {
        "entity": null,
        "style": Array [],
      },
      Object {
        "entity": null,
        "style": Array [],
      },
      Object {
        "entity": null,
        "style": Array [],
      },
    ],
    "children": Array [],
    "data": Object {},
    "depth": 0,
    "key": "G",
    "nextSibling": null,
    "parent": null,
    "prevSibling": "B",
    "text": "Gorila",
    "type": "unstyled",
  },
  Object {
    "characterList": Array [],
    "children": Array [],
    "data": Object {},
    "depth": 0,
    "key": "H",
    "nextSibling": null,
    "parent": null,
    "prevSibling": "G",
    "text": "",
    "type": "unordered-list-item",
  },
]
`;

exports[`must split at the beginning of a root ContentBlock 1`] = `
Array [
  Object {
    "characterList": Array [],
    "children": Array [],
    "data": Object {},
    "depth": 0,
    "key": "A",
    "nextSibling": "key6",
    "parent": null,
    "prevSibling": null,
    "text": "",
    "type": "unstyled",
  },
  Object {
    "characterList": Array [
      Object {
        "entity": null,
        "style": Array [],
      },
      Object {
        "entity": null,
        "style": Array [],
      },
      Object {
        "entity": null,
        "style": Array [],
      },
      Object {
        "entity": null,
        "style": Array [],
      },
      Object {
        "entity": null,
        "style": Array [],
      },
    ],
    "children": Array [],
    "data": Object {},
    "depth": 0,
    "key": "key6",
    "nextSibling": "B",
    "parent": null,
    "prevSibling": "A",
    "text": "Alpha",
    "type": "unstyled",
  },
  Object {
    "characterList": Array [],
    "children": Array [
      "C",
      "F",
    ],
    "data": Object {},
    "depth": 0,
    "key": "B",
    "nextSibling": "G",
    "parent": null,
    "prevSibling": "key6",
    "text": "",
    "type": "unstyled",
  },
  Object {
    "characterList": Array [],
    "children": Array [
      "D",
      "E",
    ],
    "data": Object {},
    "depth": 0,
    "key": "C",
    "nextSibling": "F",
    "parent": "B",
    "prevSibling": null,
    "text": "",
    "type": "unstyled",
  },
  Object {
    "characterList": Array [
      Object {
        "entity": null,
        "style": Array [],
      },
      Object {
        "entity": null,
        "style": Array [],
      },
      Object {
        "entity": null,
        "style": Array [],
      },
      Object {
        "entity": null,
        "style": Array [],
      },
      Object {
        "entity": null,
        "style": Array [],
      },
    ],
    "children": Array [],
    "data": Object {},
    "depth": 0,
    "key": "D",
    "nextSibling": "E",
    "parent": "C",
    "prevSibling": null,
    "text": "Delta",
    "type": "unstyled",
  },
  Object {
    "characterList": Array [
      Object {
        "entity": null,
        "style": Array [],
      },
      Object {
        "entity": null,
        "style": Array [],
      },
      Object {
        "entity": null,
        "style": Array [],
      },
      Object {
        "entity": null,
        "style": Array [],
      },
      Object {
        "entity": null,
        "style": Array [],
      },
      Object {
        "entity": null,
        "style": Array [],
      },
      Object {
        "entity": null,
        "style": Array [],
      },
      Object {
        "entity": null,
        "style": Array [],
      },
    ],
    "children": Array [],
    "data": Object {},
    "depth": 0,
    "key": "E",
    "nextSibling": null,
    "parent": "C",
    "prevSibling": "D",
    "text": "Elephant",
    "type": "unstyled",
  },
  Object {
    "characterList": Array [
      Object {
        "entity": null,
        "style": Array [],
      },
      Object {
        "entity": null,
        "style": Array [],
      },
      Object {
        "entity": null,
        "style": Array [],
      },
      Object {
        "entity": null,
        "style": Array [],
      },
    ],
    "children": Array [],
    "data": Object {},
    "depth": 0,
    "key": "F",
    "nextSibling": null,
    "parent": "B",
    "prevSibling": "C",
    "text": "Fire",
    "type": "unstyled",
  },
  Object {
    "characterList": Array [
      Object {
        "entity": null,
        "style": Array [],
      },
      Object {
        "entity": null,
        "style": Array [],
      },
      Object {
        "entity": null,
        "style": Array [],
      },
      Object {
        "entity": null,
        "style": Array [],
      },
      Object {
        "entity": null,
        "style": Array [],
      },
      Object {
        "entity": null,
        "style": Array [],
      },
    ],
    "children": Array [],
    "data": Object {},
    "depth": 0,
    "key": "G",
    "nextSibling": null,
    "parent": null,
    "prevSibling": "B",
    "text": "Gorila",
    "type": "unstyled",
  },
  Object {
    "characterList": Array [],
    "children": Array [],
    "data": Object {},
    "depth": 0,
    "key": "H",
    "nextSibling": null,
    "parent": null,
    "prevSibling": "G",
    "text": "",
    "type": "unordered-list-item",
  },
]
`;

exports[`must split at the end of a block 1`] = `
Array [
  Object {
    "characterList": Array [
      Object {
        "entity": null,
        "style": Array [],
      },
      Object {
        "entity": null,
        "style": Array [],
      },
      Object {
        "entity": null,
        "style": Array [],
      },
      Object {
        "entity": null,
        "style": Array [],
      },
      Object {
        "entity": null,
        "style": Array [],
      },
    ],
    "data": Object {},
    "depth": 0,
    "key": "a",
    "text": "Alpha",
    "type": "unstyled",
  },
  Object {
    "characterList": Array [],
    "data": Object {},
    "depth": 0,
    "key": "key3",
    "text": "",
    "type": "unstyled",
  },
  Object {
    "characterList": Array [
      Object {
        "entity": "2",
        "style": Array [
          "BOLD",
        ],
      },
      Object {
        "entity": "2",
        "style": Array [
          "BOLD",
        ],
      },
      Object {
        "entity": "2",
        "style": Array [
          "BOLD",
        ],
      },
      Object {
        "entity": "2",
        "style": Array [
          "BOLD",
        ],
      },
      Object {
        "entity": "2",
        "style": Array [
          "BOLD",
        ],
      },
    ],
    "data": Object {},
    "depth": 0,
    "key": "b",
    "text": "Bravo",
    "type": "unordered-list-item",
  },
  Object {
    "characterList": Array [
      Object {
        "entity": null,
        "style": Array [],
      },
      Object {
        "entity": null,
        "style": Array [],
      },
      Object {
        "entity": null,
        "style": Array [],
      },
      Object {
        "entity": null,
        "style": Array [],
      },
    ],
    "data": Object {},
    "depth": 0,
    "key": "c",
    "text": "Test",
    "type": "code-block",
  },
  Object {
    "characterList": Array [],
    "data": Object {},
    "depth": 0,
    "key": "d",
    "text": "",
    "type": "code-block",
  },
  Object {
    "characterList": Array [],
    "data": Object {},
    "depth": 0,
    "key": "e",
    "text": "",
    "type": "code-block",
  },
  Object {
    "characterList": Array [
      Object {
        "entity": null,
        "style": Array [
          "ITALIC",
        ],
      },
      Object {
        "entity": null,
        "style": Array [
          "ITALIC",
        ],
      },
      Object {
        "entity": null,
        "style": Array [
          "ITALIC",
        ],
      },
      Object {
        "entity": null,
        "style": Array [
          "ITALIC",
        ],
      },
      Object {
        "entity": null,
        "style": Array [
          "ITALIC",
        ],
      },
      Object {
        "entity": null,
        "style": Array [
          "ITALIC",
        ],
      },
      Object {
        "entity": null,
        "style": Array [
          "ITALIC",
        ],
      },
    ],
    "data": Object {},
    "depth": 0,
    "key": "f",
    "text": "Charlie",
    "type": "blockquote",
  },
]
`;

exports[`must split at the end of a nested ContentBlock 1`] = `
Array [
  Object {
    "characterList": Array [
      Object {
        "entity": null,
        "style": Array [],
      },
      Object {
        "entity": null,
        "style": Array [],
      },
      Object {
        "entity": null,
        "style": Array [],
      },
      Object {
        "entity": null,
        "style": Array [],
      },
      Object {
        "entity": null,
        "style": Array [],
      },
    ],
    "children": Array [],
    "data": Object {},
    "depth": 0,
    "key": "A",
    "nextSibling": "B",
    "parent": null,
    "prevSibling": null,
    "text": "Alpha",
    "type": "unstyled",
  },
  Object {
    "characterList": Array [],
    "children": Array [
      "C",
      "F",
    ],
    "data": Object {},
    "depth": 0,
    "key": "B",
    "nextSibling": "G",
    "parent": null,
    "prevSibling": "A",
    "text": "",
    "type": "unstyled",
  },
  Object {
    "characterList": Array [],
    "children": Array [
      "D",
      "key11",
      "E",
    ],
    "data": Object {},
    "depth": 0,
    "key": "C",
    "nextSibling": "F",
    "parent": "B",
    "prevSibling": null,
    "text": "",
    "type": "unstyled",
  },
  Object {
    "characterList": Array [
      Object {
        "entity": null,
        "style": Array [],
      },
      Object {
        "entity": null,
        "style": Array [],
      },
      Object {
        "entity": null,
        "style": Array [],
      },
      Object {
        "entity": null,
        "style": Array [],
      },
      Object {
        "entity": null,
        "style": Array [],
      },
    ],
    "children": Array [],
    "data": Object {},
    "depth": 0,
    "key": "D",
    "nextSibling": "key11",
    "parent": "C",
    "prevSibling": null,
    "text": "Delta",
    "type": "unstyled",
  },
  Object {
    "characterList": Array [],
    "children": Array [],
    "data": Object {},
    "depth": 0,
    "key": "key11",
    "nextSibling": "E",
    "parent": "C",
    "prevSibling": "D",
    "text": "",
    "type": "unstyled",
  },
  Object {
    "characterList": Array [
      Object {
        "entity": null,
        "style": Array [],
      },
      Object {
        "entity": null,
        "style": Array [],
      },
      Object {
        "entity": null,
        "style": Array [],
      },
      Object {
        "entity": null,
        "style": Array [],
      },
      Object {
        "entity": null,
        "style": Array [],
      },
      Object {
        "entity": null,
        "style": Array [],
      },
      Object {
        "entity": null,
        "style": Array [],
      },
      Object {
        "entity": null,
        "style": Array [],
      },
    ],
    "children": Array [],
    "data": Object {},
    "depth": 0,
    "key": "E",
    "nextSibling": null,
    "parent": "C",
    "prevSibling": "key11",
    "text": "Elephant",
    "type": "unstyled",
  },
  Object {
    "characterList": Array [
      Object {
        "entity": null,
        "style": Array [],
      },
      Object {
        "entity": null,
        "style": Array [],
      },
      Object {
        "entity": null,
        "style": Array [],
      },
      Object {
        "entity": null,
        "style": Array [],
      },
    ],
    "children": Array [],
    "data": Object {},
    "depth": 0,
    "key": "F",
    "nextSibling": null,
    "parent": "B",
    "prevSibling": "C",
    "text": "Fire",
    "type": "unstyled",
  },
  Object {
    "characterList": Array [
      Object {
        "entity": null,
        "style": Array [],
      },
      Object {
        "entity": null,
        "style": Array [],
      },
      Object {
        "entity": null,
        "style": Array [],
      },
      Object {
        "entity": null,
        "style": Array [],
      },
      Object {
        "entity": null,
        "style": Array [],
      },
      Object {
        "entity": null,
        "style": Array [],
      },
    ],
    "children": Array [],
    "data": Object {},
    "depth": 0,
    "key": "G",
    "nextSibling": null,
    "parent": null,
    "prevSibling": "B",
    "text": "Gorila",
    "type": "unstyled",
  },
  Object {
    "characterList": Array [],
    "children": Array [],
    "data": Object {},
    "depth": 0,
    "key": "H",
    "nextSibling": null,
    "parent": null,
    "prevSibling": "G",
    "text": "",
    "type": "unordered-list-item",
  },
]
`;

exports[`must split at the end of a root ContentBlock 1`] = `
Array [
  Object {
    "characterList": Array [
      Object {
        "entity": null,
        "style": Array [],
      },
      Object {
        "entity": null,
        "style": Array [],
      },
      Object {
        "entity": null,
        "style": Array [],
      },
      Object {
        "entity": null,
        "style": Array [],
      },
      Object {
        "entity": null,
        "style": Array [],
      },
    ],
    "children": Array [],
    "data": Object {},
    "depth": 0,
    "key": "A",
    "nextSibling": "key10",
    "parent": null,
    "prevSibling": null,
    "text": "Alpha",
    "type": "unstyled",
  },
  Object {
    "characterList": Array [],
    "children": Array [],
    "data": Object {},
    "depth": 0,
    "key": "key10",
    "nextSibling": "B",
    "parent": null,
    "prevSibling": "A",
    "text": "",
    "type": "unstyled",
  },
  Object {
    "characterList": Array [],
    "children": Array [
      "C",
      "F",
    ],
    "data": Object {},
    "depth": 0,
    "key": "B",
    "nextSibling": "G",
    "parent": null,
    "prevSibling": "key10",
    "text": "",
    "type": "unstyled",
  },
  Object {
    "characterList": Array [],
    "children": Array [
      "D",
      "E",
    ],
    "data": Object {},
    "depth": 0,
    "key": "C",
    "nextSibling": "F",
    "parent": "B",
    "prevSibling": null,
    "text": "",
    "type": "unstyled",
  },
  Object {
    "characterList": Array [
      Object {
        "entity": null,
        "style": Array [],
      },
      Object {
        "entity": null,
        "style": Array [],
      },
      Object {
        "entity": null,
        "style": Array [],
      },
      Object {
        "entity": null,
        "style": Array [],
      },
      Object {
        "entity": null,
        "style": Array [],
      },
    ],
    "children": Array [],
    "data": Object {},
    "depth": 0,
    "key": "D",
    "nextSibling": "E",
    "parent": "C",
    "prevSibling": null,
    "text": "Delta",
    "type": "unstyled",
  },
  Object {
    "characterList": Array [
      Object {
        "entity": null,
        "style": Array [],
      },
      Object {
        "entity": null,
        "style": Array [],
      },
      Object {
        "entity": null,
        "style": Array [],
      },
      Object {
        "entity": null,
        "style": Array [],
      },
      Object {
        "entity": null,
        "style": Array [],
      },
      Object {
        "entity": null,
        "style": Array [],
      },
      Object {
        "entity": null,
        "style": Array [],
      },
      Object {
        "entity": null,
        "style": Array [],
      },
    ],
    "children": Array [],
    "data": Object {},
    "depth": 0,
    "key": "E",
    "nextSibling": null,
    "parent": "C",
    "prevSibling": "D",
    "text": "Elephant",
    "type": "unstyled",
  },
  Object {
    "characterList": Array [
      Object {
        "entity": null,
        "style": Array [],
      },
      Object {
        "entity": null,
        "style": Array [],
      },
      Object {
        "entity": null,
        "style": Array [],
      },
      Object {
        "entity": null,
        "style": Array [],
      },
    ],
    "children": Array [],
    "data": Object {},
    "depth": 0,
    "key": "F",
    "nextSibling": null,
    "parent": "B",
    "prevSibling": "C",
    "text": "Fire",
    "type": "unstyled",
  },
  Object {
    "characterList": Array [
      Object {
        "entity": null,
        "style": Array [],
      },
      Object {
        "entity": null,
        "style": Array [],
      },
      Object {
        "entity": null,
        "style": Array [],
      },
      Object {
        "entity": null,
        "style": Array [],
      },
      Object {
        "entity": null,
        "style": Array [],
      },
      Object {
        "entity": null,
        "style": Array [],
      },
    ],
    "children": Array [],
    "data": Object {},
    "depth": 0,
    "key": "G",
    "nextSibling": null,
    "parent": null,
    "prevSibling": "B",
    "text": "Gorila",
    "type": "unstyled",
  },
  Object {
    "characterList": Array [],
    "children": Array [],
    "data": Object {},
    "depth": 0,
    "key": "H",
    "nextSibling": null,
    "parent": null,
    "prevSibling": "G",
    "text": "",
    "type": "unordered-list-item",
  },
]
`;

exports[`must split within a block 1`] = `
Array [
  Object {
    "characterList": Array [
      Object {
        "entity": null,
        "style": Array [],
      },
      Object {
        "entity": null,
        "style": Array [],
      },
      Object {
        "entity": null,
        "style": Array [],
      },
    ],
    "data": Object {},
    "depth": 0,
    "key": "a",
    "text": "Alp",
    "type": "unstyled",
  },
  Object {
    "characterList": Array [
      Object {
        "entity": null,
        "style": Array [],
      },
      Object {
        "entity": null,
        "style": Array [],
      },
    ],
    "data": Object {},
    "depth": 0,
    "key": "key2",
    "text": "ha",
    "type": "unstyled",
  },
  Object {
    "characterList": Array [
      Object {
        "entity": "2",
        "style": Array [
          "BOLD",
        ],
      },
      Object {
        "entity": "2",
        "style": Array [
          "BOLD",
        ],
      },
      Object {
        "entity": "2",
        "style": Array [
          "BOLD",
        ],
      },
      Object {
        "entity": "2",
        "style": Array [
          "BOLD",
        ],
      },
      Object {
        "entity": "2",
        "style": Array [
          "BOLD",
        ],
      },
    ],
    "data": Object {},
    "depth": 0,
    "key": "b",
    "text": "Bravo",
    "type": "unordered-list-item",
  },
  Object {
    "characterList": Array [
      Object {
        "entity": null,
        "style": Array [],
      },
      Object {
        "entity": null,
        "style": Array [],
      },
      Object {
        "entity": null,
        "style": Array [],
      },
      Object {
        "entity": null,
        "style": Array [],
      },
    ],
    "data": Object {},
    "depth": 0,
    "key": "c",
    "text": "Test",
    "type": "code-block",
  },
  Object {
    "characterList": Array [],
    "data": Object {},
    "depth": 0,
    "key": "d",
    "text": "",
    "type": "code-block",
  },
  Object {
    "characterList": Array [],
    "data": Object {},
    "depth": 0,
    "key": "e",
    "text": "",
    "type": "code-block",
  },
  Object {
    "characterList": Array [
      Object {
        "entity": null,
        "style": Array [
          "ITALIC",
        ],
      },
      Object {
        "entity": null,
        "style": Array [
          "ITALIC",
        ],
      },
      Object {
        "entity": null,
        "style": Array [
          "ITALIC",
        ],
      },
      Object {
        "entity": null,
        "style": Array [
          "ITALIC",
        ],
      },
      Object {
        "entity": null,
        "style": Array [
          "ITALIC",
        ],
      },
      Object {
        "entity": null,
        "style": Array [
          "ITALIC",
        ],
      },
      Object {
        "entity": null,
        "style": Array [
          "ITALIC",
        ],
      },
    ],
    "data": Object {},
    "depth": 0,
    "key": "f",
    "text": "Charlie",
    "type": "blockquote",
  },
]
`;

exports[`must split within a nested ContentBlock 1`] = `
Array [
  Object {
    "characterList": Array [
      Object {
        "entity": null,
        "style": Array [],
      },
      Object {
        "entity": null,
        "style": Array [],
      },
      Object {
        "entity": null,
        "style": Array [],
      },
      Object {
        "entity": null,
        "style": Array [],
      },
      Object {
        "entity": null,
        "style": Array [],
      },
    ],
    "children": Array [],
    "data": Object {},
    "depth": 0,
    "key": "A",
    "nextSibling": "B",
    "parent": null,
    "prevSibling": null,
    "text": "Alpha",
    "type": "unstyled",
  },
  Object {
    "characterList": Array [],
    "children": Array [
      "C",
      "F",
    ],
    "data": Object {},
    "depth": 0,
    "key": "B",
    "nextSibling": "G",
    "parent": null,
    "prevSibling": "A",
    "text": "",
    "type": "unstyled",
  },
  Object {
    "characterList": Array [],
    "children": Array [
      "D",
      "E",
      "key9",
    ],
    "data": Object {},
    "depth": 0,
    "key": "C",
    "nextSibling": "F",
    "parent": "B",
    "prevSibling": null,
    "text": "",
    "type": "unstyled",
  },
  Object {
    "characterList": Array [
      Object {
        "entity": null,
        "style": Array [],
      },
      Object {
        "entity": null,
        "style": Array [],
      },
      Object {
        "entity": null,
        "style": Array [],
      },
      Object {
        "entity": null,
        "style": Array [],
      },
      Object {
        "entity": null,
        "style": Array [],
      },
    ],
    "children": Array [],
    "data": Object {},
    "depth": 0,
    "key": "D",
    "nextSibling": "E",
    "parent": "C",
    "prevSibling": null,
    "text": "Delta",
    "type": "unstyled",
  },
  Object {
    "characterList": Array [
      Object {
        "entity": null,
        "style": Array [],
      },
      Object {
        "entity": null,
        "style": Array [],
      },
      Object {
        "entity": null,
        "style": Array [],
      },
    ],
    "children": Array [],
    "data": Object {},
    "depth": 0,
    "key": "E",
    "nextSibling": "key9",
    "parent": "C",
    "prevSibling": "D",
    "text": "Ele",
    "type": "unstyled",
  },
  Object {
    "characterList": Array [
      Object {
        "entity": null,
        "style": Array [],
      },
      Object {
        "entity": null,
        "style": Array [],
      },
      Object {
        "entity": null,
        "style": Array [],
      },
      Object {
        "entity": null,
        "style": Array [],
      },
      Object {
        "entity": null,
        "style": Array [],
      },
    ],
    "children": Array [],
    "data": Object {},
    "depth": 0,
    "key": "key9",
    "nextSibling": null,
    "parent": "C",
    "prevSibling": "E",
    "text": "phant",
    "type": "unstyled",
  },
  Object {
    "characterList": Array [
      Object {
        "entity": null,
        "style": Array [],
      },
      Object {
        "entity": null,
        "style": Array [],
      },
      Object {
        "entity": null,
        "style": Array [],
      },
      Object {
        "entity": null,
        "style": Array [],
      },
    ],
    "children": Array [],
    "data": Object {},
    "depth": 0,
    "key": "F",
    "nextSibling": null,
    "parent": "B",
    "prevSibling": "C",
    "text": "Fire",
    "type": "unstyled",
  },
  Object {
    "characterList": Array [
      Object {
        "entity": null,
        "style": Array [],
      },
      Object {
        "entity": null,
        "style": Array [],
      },
      Object {
        "entity": null,
        "style": Array [],
      },
      Object {
        "entity": null,
        "style": Array [],
      },
      Object {
        "entity": null,
        "style": Array [],
      },
      Object {
        "entity": null,
        "style": Array [],
      },
    ],
    "children": Array [],
    "data": Object {},
    "depth": 0,
    "key": "G",
    "nextSibling": null,
    "parent": null,
    "prevSibling": "B",
    "text": "Gorila",
    "type": "unstyled",
  },
  Object {
    "characterList": Array [],
    "children": Array [],
    "data": Object {},
    "depth": 0,
    "key": "H",
    "nextSibling": null,
    "parent": null,
    "prevSibling": "G",
    "text": "",
    "type": "unordered-list-item",
  },
]
`;

exports[`must split within a root ContentBlock 1`] = `
Array [
  Object {
    "characterList": Array [
      Object {
        "entity": null,
        "style": Array [],
      },
      Object {
        "entity": null,
        "style": Array [],
      },
      Object {
        "entity": null,
        "style": Array [],
      },
    ],
    "children": Array [],
    "data": Object {},
    "depth": 0,
    "key": "A",
    "nextSibling": "key8",
    "parent": null,
    "prevSibling": null,
    "text": "Alp",
    "type": "unstyled",
  },
  Object {
    "characterList": Array [
      Object {
        "entity": null,
        "style": Array [],
      },
      Object {
        "entity": null,
        "style": Array [],
      },
    ],
    "children": Array [],
    "data": Object {},
    "depth": 0,
    "key": "key8",
    "nextSibling": "B",
    "parent": null,
    "prevSibling": "A",
    "text": "ha",
    "type": "unstyled",
  },
  Object {
    "characterList": Array [],
    "children": Array [
      "C",
      "F",
    ],
    "data": Object {},
    "depth": 0,
    "key": "B",
    "nextSibling": "G",
    "parent": null,
    "prevSibling": "key8",
    "text": "",
    "type": "unstyled",
  },
  Object {
    "characterList": Array [],
    "children": Array [
      "D",
      "E",
    ],
    "data": Object {},
    "depth": 0,
    "key": "C",
    "nextSibling": "F",
    "parent": "B",
    "prevSibling": null,
    "text": "",
    "type": "unstyled",
  },
  Object {
    "characterList": Array [
      Object {
        "entity": null,
        "style": Array [],
      },
      Object {
        "entity": null,
        "style": Array [],
      },
      Object {
        "entity": null,
        "style": Array [],
      },
      Object {
        "entity": null,
        "style": Array [],
      },
      Object {
        "entity": null,
        "style": Array [],
      },
    ],
    "children": Array [],
    "data": Object {},
    "depth": 0,
    "key": "D",
    "nextSibling": "E",
    "parent": "C",
    "prevSibling": null,
    "text": "Delta",
    "type": "unstyled",
  },
  Object {
    "characterList": Array [
      Object {
        "entity": null,
        "style": Array [],
      },
      Object {
        "entity": null,
        "style": Array [],
      },
      Object {
        "entity": null,
        "style": Array [],
      },
      Object {
        "entity": null,
        "style": Array [],
      },
      Object {
        "entity": null,
        "style": Array [],
      },
      Object {
        "entity": null,
        "style": Array [],
      },
      Object {
        "entity": null,
        "style": Array [],
      },
      Object {
        "entity": null,
        "style": Array [],
      },
    ],
    "children": Array [],
    "data": Object {},
    "depth": 0,
    "key": "E",
    "nextSibling": null,
    "parent": "C",
    "prevSibling": "D",
    "text": "Elephant",
    "type": "unstyled",
  },
  Object {
    "characterList": Array [
      Object {
        "entity": null,
        "style": Array [],
      },
      Object {
        "entity": null,
        "style": Array [],
      },
      Object {
        "entity": null,
        "style": Array [],
      },
      Object {
        "entity": null,
        "style": Array [],
      },
    ],
    "children": Array [],
    "data": Object {},
    "depth": 0,
    "key": "F",
    "nextSibling": null,
    "parent": "B",
    "prevSibling": "C",
    "text": "Fire",
    "type": "unstyled",
  },
  Object {
    "characterList": Array [
      Object {
        "entity": null,
        "style": Array [],
      },
      Object {
        "entity": null,
        "style": Array [],
      },
      Object {
        "entity": null,
        "style": Array [],
      },
      Object {
        "entity": null,
        "style": Array [],
      },
      Object {
        "entity": null,
        "style": Array [],
      },
      Object {
        "entity": null,
        "style": Array [],
      },
    ],
    "children": Array [],
    "data": Object {},
    "depth": 0,
    "key": "G",
    "nextSibling": null,
    "parent": null,
    "prevSibling": "B",
    "text": "Gorila",
    "type": "unstyled",
  },
  Object {
    "characterList": Array [],
    "children": Array [],
    "data": Object {},
    "depth": 0,
    "key": "H",
    "nextSibling": null,
    "parent": null,
    "prevSibling": "G",
    "text": "",
    "type": "unordered-list-item",
  },
]
`;
