// Jest Snapshot v1, https://goo.gl/fbAQLP

exports[`does not discard style override when adjusting depth 1`] = `
Array [
  "BOLD",
]
`;

exports[`does not discard style override when changing block type 1`] = `
Array [
  "BOLD",
]
`;

exports[`does not discard style override when splitting block 1`] = `
Array [
  "BOLD",
]
`;

exports[`falls back to no style if in empty block at document start 1`] = `Array []`;

exports[`looks through rest backward-selected blocks to find a character when anchor block is empty 1`] = `
Array [
  "BOLD",
]
`;

exports[`looks through rest selected blocks to find a character when anchor block is empty 1`] = `
Array [
  "ITALIC",
]
`;

exports[`looks upward through empty blocks to find a character 1`] = `
Array [
  "BOLD",
]
`;

exports[`looks upward through empty blocks to find a character with collapsed selection 1`] = `
Array [
  "BOLD",
]
`;

exports[`must call decorator with correct argument types and order 1`] = `2`;

exports[`must correctly remove a decorator 1`] = `true`;

exports[`must correctly remove a decorator 2`] = `2`;

exports[`must correctly remove a decorator 3`] = `null`;

exports[`must set a new decorator 1`] = `2`;

exports[`must set a new decorator 2`] = `true`;

exports[`must set a new decorator 3`] = `4`;

exports[`must set a new decorator 4`] = `3`;

exports[`must set a new decorator 5`] = `true`;

exports[`must set a new decorator 6`] = `true`;

exports[`must set a new decorator 7`] = `true`;

exports[`uses left of the caret, at position \`1+\` 1`] = `Array []`;

exports[`uses left of the start if starting at end of block 1`] = `
Array [
  "BOLD",
]
`;

exports[`uses previous block at offset \`0\` within empty block 1`] = `
Array [
  "BOLD",
]
`;

exports[`uses right of the caret at document start 1`] = `Array []`;

exports[`uses right of the caret at offset \`0\` within document 1`] = `
Array [
  "BOLD",
]
`;

exports[`uses right of the start for blocks with text 1`] = `Array []`;
